$ErrorActionPreference = 'Stop'
$title = [Text.Encoding]::UTF8.GetString([Convert]::FromBase64String('RGlzayBzcGFjZSBpcyBsb3c='))
$message = [Text.Encoding]::UTF8.GetString([Convert]::FromBase64String('MTIgR2lCIGZyZWUgb2YgNTAwIEdpQiBhZnRlciBjbGVhbnVwLg=='))
[Windows.UI.Notifications.ToastNotificationManager, Windows.UI.Notifications, ContentType = WindowsRuntime] | Out-Null
[Windows.UI.Notifications.ToastNotification, Windows.UI.Notifications, ContentType = WindowsRuntime] | Out-Null
$xml = [Windows.UI.Notifications.ToastNotificationManager]::GetTemplateContent([Windows.UI.Notifications.ToastTemplateType]::ToastText02)
$text = $xml.GetElementsByTagName('text')
$text.Item(0).AppendChild($xml.CreateTextNode($title)) | Out-Null
$text.Item(1).AppendChild($xml.CreateTextNode($message)) | Out-Null
$toast = New-Object Windows.UI.Notifications.ToastNotification $xml
[Windows.UI.Notifications.ToastNotificationManager]::CreateToastNotifier('{1AC14E77-02E7-4E5D-B744-2EB1AE5198B7}\WindowsPowerShell\v1.0\powershell.exe').Show($toast)
